ERROR: Directory '/g/data/vk83/modules' not found
ERROR: Unable to locate a modulefile for 'payu'
Loading conda/analysis3-26.09
  Loading requirement: singularity
Input Notebook:  kimberly_10k_reanalysis_forced_sep11.ipynb
Output Notebook: kimberly_10k_reanalysis_forced_sep11_output.ipynb
No such kernel named conda-env-analysis3-26.06-py
Traceback (most recent call last):
  File "/g/data/xp65/public/apps/med_conda/envs/analysis3-26.06/lib/python3.12/site-packages/jupyter_client/manager.py", line 88, in wrapper
    out = await method(self, *args, **kwargs)
          ^^^^^^^^^^^^^^^^^^^^^^^^^^^^^^^^^^^
  File "/g/data/xp65/public/apps/med_conda/envs/analysis3-26.06/lib/python3.12/site-packages/jupyter_client/manager.py", line 441, in _async_start_kernel
    kernel_cmd, kw = await self._async_pre_start_kernel(**kw)
                     ^^^^^^^^^^^^^^^^^^^^^^^^^^^^^^^^^^^^^^^^
  File "/g/data/xp65/public/apps/med_conda/envs/analysis3-26.06/lib/python3.12/site-packages/jupyter_client/manager.py", line 403, in _async_pre_start_kernel
    self.kernel_spec,
    ^^^^^^^^^^^^^^^^
  File "/g/data/xp65/public/apps/med_conda/envs/analysis3-26.06/lib/python3.12/site-packages/jupyter_client/manager.py", line 196, in kernel_spec
    self._kernel_spec = self.kernel_spec_manager.get_kernel_spec(self.kernel_name)
                        ^^^^^^^^^^^^^^^^^^^^^^^^^^^^^^^^^^^^^^^^^^^^^^^^^^^^^^^^^^
  File "/g/data/xp65/public/apps/med_conda/envs/analysis3-26.06/lib/python3.12/site-packages/jupyter_client/kernelspec.py", line 287, in get_kernel_spec
    raise NoSuchKernel(kernel_name)
jupyter_client.kernelspec.NoSuchKernel: No such kernel named conda-env-analysis3-26.06-py
Traceback (most recent call last):
  File "/g/data/xp65/public/apps/med_conda/envs/analysis3-26.06/bin/papermill", line 10, in <module>
    sys.exit(papermill())
             ^^^^^^^^^^^
  File "/g/data/xp65/public/apps/med_conda/envs/analysis3-26.06/lib/python3.12/site-packages/click/core.py", line 1514, in __call__
    return self.main(*args, **kwargs)
           ^^^^^^^^^^^^^^^^^^^^^^^^^^
  File "/g/data/xp65/public/apps/med_conda/envs/analysis3-26.06/lib/python3.12/site-packages/click/core.py", line 1435, in main
    rv = self.invoke(ctx)
         ^^^^^^^^^^^^^^^^
  File "/g/data/xp65/public/apps/med_conda/envs/analysis3-26.06/lib/python3.12/site-packages/click/core.py", line 1298, in invoke
    return ctx.invoke(self.callback, **ctx.params)
           ^^^^^^^^^^^^^^^^^^^^^^^^^^^^^^^^^^^^^^^
  File "/g/data/xp65/public/apps/med_conda/envs/analysis3-26.06/lib/python3.12/site-packages/click/core.py", line 853, in invoke
    return callback(*args, **kwargs)
           ^^^^^^^^^^^^^^^^^^^^^^^^^
  File "/g/data/xp65/public/apps/med_conda/envs/analysis3-26.06/lib/python3.12/site-packages/click/decorators.py", line 34, in new_func
    return f(get_current_context(), *args, **kwargs)
           ^^^^^^^^^^^^^^^^^^^^^^^^^^^^^^^^^^^^^^^^^
  File "/g/data/xp65/public/apps/med_conda/envs/analysis3-26.06/lib/python3.12/site-packages/papermill/cli.py", line 235, in papermill
    execute_notebook(
  File "/g/data/xp65/public/apps/med_conda/envs/analysis3-26.06/lib/python3.12/site-packages/papermill/execute.py", line 116, in execute_notebook
    nb = papermill_engines.execute_notebook_with_engine(
         ^^^^^^^^^^^^^^^^^^^^^^^^^^^^^^^^^^^^^^^^^^^^^^^
  File "/g/data/xp65/public/apps/med_conda/envs/analysis3-26.06/lib/python3.12/site-packages/papermill/engines.py", line 49, in execute_notebook_with_engine
    return self.get_engine(engine_name).execute_notebook(nb, kernel_name, **kwargs)
           ^^^^^^^^^^^^^^^^^^^^^^^^^^^^^^^^^^^^^^^^^^^^^^^^^^^^^^^^^^^^^^^^^^^^^^^^
  File "/g/data/xp65/public/apps/med_conda/envs/analysis3-26.06/lib/python3.12/site-packages/papermill/engines.py", line 371, in execute_notebook
    cls.execute_managed_notebook(nb_man, kernel_name, log_output=log_output, **kwargs)
  File "/g/data/xp65/public/apps/med_conda/envs/analysis3-26.06/lib/python3.12/site-packages/papermill/engines.py", line 443, in execute_managed_notebook
    return PapermillNotebookClient(nb_man, **final_kwargs).execute()
           ^^^^^^^^^^^^^^^^^^^^^^^^^^^^^^^^^^^^^^^^^^^^^^^^^^^^^^^^^
  File "/g/data/xp65/public/apps/med_conda/envs/analysis3-26.06/lib/python3.12/site-packages/papermill/clientwrap.py", line 43, in execute
    with self.setup_kernel(**kwargs):
         ^^^^^^^^^^^^^^^^^^^^^^^^^^^
  File "/g/data/xp65/public/apps/med_conda/envs/analysis3-26.06/lib/python3.12/contextlib.py", line 137, in __enter__
    return next(self.gen)
           ^^^^^^^^^^^^^^
  File "/g/data/xp65/public/apps/med_conda/envs/analysis3-26.06/lib/python3.12/site-packages/nbclient/client.py", line 600, in setup_kernel
    self.start_new_kernel(**kwargs)
  File "/g/data/xp65/public/apps/med_conda/envs/analysis3-26.06/lib/python3.12/site-packages/jupyter_core/utils/__init__.py", line 165, in wrapped
    return loop.run_until_complete(inner)
           ^^^^^^^^^^^^^^^^^^^^^^^^^^^^^^
  File "/g/data/xp65/public/apps/med_conda/envs/analysis3-26.06/lib/python3.12/asyncio/base_events.py", line 691, in run_until_complete
    return future.result()
           ^^^^^^^^^^^^^^^
  File "/g/data/xp65/public/apps/med_conda/envs/analysis3-26.06/lib/python3.12/site-packages/nbclient/client.py", line 550, in async_start_new_kernel
    await ensure_async(self.km.start_kernel(extra_arguments=self.extra_arguments, **kwargs))
  File "/g/data/xp65/public/apps/med_conda/envs/analysis3-26.06/lib/python3.12/site-packages/jupyter_core/utils/__init__.py", line 214, in ensure_async
    result = await obj
             ^^^^^^^^^
  File "/g/data/xp65/public/apps/med_conda/envs/analysis3-26.06/lib/python3.12/site-packages/jupyter_client/manager.py", line 97, in wrapper
    raise e
  File "/g/data/xp65/public/apps/med_conda/envs/analysis3-26.06/lib/python3.12/site-packages/jupyter_client/manager.py", line 88, in wrapper
    out = await method(self, *args, **kwargs)
          ^^^^^^^^^^^^^^^^^^^^^^^^^^^^^^^^^^^
  File "/g/data/xp65/public/apps/med_conda/envs/analysis3-26.06/lib/python3.12/site-packages/jupyter_client/manager.py", line 441, in _async_start_kernel
    kernel_cmd, kw = await self._async_pre_start_kernel(**kw)
                     ^^^^^^^^^^^^^^^^^^^^^^^^^^^^^^^^^^^^^^^^
  File "/g/data/xp65/public/apps/med_conda/envs/analysis3-26.06/lib/python3.12/site-packages/jupyter_client/manager.py", line 403, in _async_pre_start_kernel
    self.kernel_spec,
    ^^^^^^^^^^^^^^^^
  File "/g/data/xp65/public/apps/med_conda/envs/analysis3-26.06/lib/python3.12/site-packages/jupyter_client/manager.py", line 196, in kernel_spec
    self._kernel_spec = self.kernel_spec_manager.get_kernel_spec(self.kernel_name)
                        ^^^^^^^^^^^^^^^^^^^^^^^^^^^^^^^^^^^^^^^^^^^^^^^^^^^^^^^^^^
  File "/g/data/xp65/public/apps/med_conda/envs/analysis3-26.06/lib/python3.12/site-packages/jupyter_client/kernelspec.py", line 287, in get_kernel_spec
    raise NoSuchKernel(kernel_name)
jupyter_client.kernelspec.NoSuchKernel: No such kernel named conda-env-analysis3-26.06-py

======================================================================================
                  Resource Usage on 2026-09-11 00:29:48:
   Job Id:             178704379.gadi-pbs
   Project:            nm03
   Exit Status:        1
   Service Units:      0.18
   NCPUs Requested:    28                  CPU Time Used: 00:00:05        
   Memory Requested:   128.0GB               Memory Used: 467.66MB        
   Walltime Requested: 04:00:00            Walltime Used: 00:00:10        
   JobFS Requested:    400.0GB                JobFS Used: 0B              
======================================================================================
