+ trap 'echo "*** FAILED at line $LINENO (exit code $?) ***" >&2' ERR
+ module use /g/data/vk83/modules
+ unset _mlshdbg
+ '[' 0 = 1 ']'
+ unset _mlre _mlIFS
+ '[' -n x ']'
+ _mlIFS=' 	
'
+ IFS=' '
+ '[' -n '' ']'
++ /usr/bin/tclsh /opt/Modules/v4.3.0/libexec/modulecmd.tcl bash use /g/data/vk83/modules
+ eval 'MODULEPATH_modshare=/etc/scl/modulefiles:1:/g/data/vk83/modules:2:/opt/Modules/modulefiles:1:/opt/Modules/v4.3.0/modulefiles:1:/g/data/xp65/public/modules:1:/apps/Modules/modulefiles:1;' export 'MODULEPATH_modshare;
MODULEPATH=/g/data/xp65/public/modules:/g/data/vk83/modules:/etc/scl/modulefiles:/opt/Modules/modulefiles:/opt/Modules/v4.3.0/modulefiles:/apps/Modules/modulefiles;' export 'MODULEPATH;
test' '0;'
++ MODULEPATH_modshare=/etc/scl/modulefiles:1:/g/data/vk83/modules:2:/opt/Modules/modulefiles:1:/opt/Modules/v4.3.0/modulefiles:1:/g/data/xp65/public/modules:1:/apps/Modules/modulefiles:1
++ export MODULEPATH_modshare
++ MODULEPATH=/g/data/xp65/public/modules:/g/data/vk83/modules:/etc/scl/modulefiles:/opt/Modules/modulefiles:/opt/Modules/v4.3.0/modulefiles:/apps/Modules/modulefiles
++ export MODULEPATH
++ test 0
+ _mlstatus=0
+ '[' -n x ']'
+ IFS=' 	
'
+ unset _mlre _mlv _mlrv _mlIFS
+ '[' -n '' ']'
+ unset _mlshdbg
+ return 0
+ module load rmom6
+ unset _mlshdbg
+ '[' 0 = 1 ']'
+ unset _mlre _mlIFS
+ '[' -n x ']'
+ _mlIFS=' 	
'
+ IFS=' '
+ '[' -n '' ']'
++ /usr/bin/tclsh /opt/Modules/v4.3.0/libexec/modulecmd.tcl bash load rmom6
Loaded module rmom6/1.0.4_0
+ eval 'CONDA_PREFIX=/containerised_envs/rmom6/1.0.4_0;' export 'CONDA_PREFIX;
LOADEDMODULES=payu/1.3.6_1:singularity:conda/analysis3-26.09:ncview/2.1.7:rmom6/1.0.4_0;' export 'LOADEDMODULES;
_LMFILES_=/g/data/vk83/modules/payu/1.3.6_1:/opt/Modules/modulefiles/singularity:/g/data/xp65/public/modules/conda/analysis3-26.09:/apps/Modules/modulefiles/ncview/2.1.7:/g/data/vk83/modules/rmom6/1.0.4_0;' export '_LMFILES_;
MODULES_LMCONFLICT=payu/1.3.6_1\&payu:singularity\&apptainer:ncview/2.1.7\&ncview\&o/show-debug\&o/yes-show-debug\&o/use-show-debug\&o/enable-show-debug\&o/with-show-debug\&o/no-show-debug\&o/not-show-debug\&o/disable-show-debug\&o/without-show-debug\&o/append-paths\&o/yes-append-paths\&o/use-append-paths\&o/enable-append-paths\&o/with-append-paths\&o/no-append-paths\&o/not-append-paths\&o/disable-append-paths\&o/without-append-paths\&o/packaged-envvars\&o/yes-packaged-envvars\&o/use-packaged-envvars\&o/enable-packaged-envvars\&o/with-packaged-envvars\&o/no-packaged-envvars\&o/not-packaged-envvars\&o/disable-packaged-envvars\&o/without-packaged-envvars:rmom6/1.0.4_0\&rmom6;' export 'MODULES_LMCONFLICT;
MODULES_LMALTNAME=payu/1.3.6_1\&payu/default\&payu\&payu/1.3.6:conda/analysis3-26.09\&conda/analysis3-unstable\&conda/analysis3-latest:rmom6/1.0.4_0\&rmom6/default\&rmom6\&rmom6/1.0.4;' export 'MODULES_LMALTNAME;
MODULES_LMCONFLICT_modshare=ncview/2.1.7\&ncview\&o/show-debug\&o/yes-show-debug\&o/use-show-debug\&o/enable-show-debug\&o/with-show-debug\&o/no-show-debug\&o/not-show-debug\&o/disable-show-debug\&o/without-show-debug\&o/append-paths\&o/yes-append-paths\&o/use-append-paths\&o/enable-append-paths\&o/with-append-paths\&o/no-append-paths\&o/not-append-paths\&o/disable-append-paths\&o/without-append-paths\&o/packaged-envvars\&o/yes-packaged-envvars\&o/use-packaged-envvars\&o/enable-packaged-envvars\&o/with-packaged-envvars\&o/no-packaged-envvars\&o/not-packaged-envvars\&o/disable-packaged-envvars\&o/without-packaged-envvars:1:payu/1.3.6_1\&payu:1:singularity\&apptainer:1:rmom6/1.0.4_0\&rmom6:1;' export 'MODULES_LMCONFLICT_modshare;
MODULES_LMALTNAME_modshare=payu/1.3.6_1\&payu/default\&payu\&payu/1.3.6:1:rmom6/1.0.4_0\&rmom6/default\&rmom6\&rmom6/1.0.4:1:conda/analysis3-26.09\&conda/analysis3-unstable\&conda/analysis3-latest:1;' export 'MODULES_LMALTNAME_modshare;
CONDA_PROMPT_MODIFIER=\(rmom6/1.0.4_0\);' export 'CONDA_PROMPT_MODIFIER;
LOADEDMODULES_modshare=rmom6/1.0.4_0:1:payu/1.3.6_1:1:ncview/2.1.7:1:singularity:1:conda/analysis3-26.09:1;' export 'LOADEDMODULES_modshare;
_LMFILES__modshare=/opt/Modules/modulefiles/singularity:1:/g/data/vk83/modules/rmom6/1.0.4_0:1:/g/data/vk83/modules/payu/1.3.6_1:1:/g/data/xp65/public/modules/conda/analysis3-26.09:1:/apps/Modules/modulefiles/ncview/2.1.7:1;' export '_LMFILES__modshare;
PATH=/g/data/vk83/apps/containerised_envs/envs/rmom6/1.0.4_0/bin:/g/data/xp65/public/apps/med_conda/envs/analysis3-25.10/bin:/g/data/nm03/ae7501/.julia/juliaup/bin:/apps/ncview/2.1.7/bin:/g/data/xp65/public/apps/nci_scripts:/g/data/xp65/public/apps/med_conda_scripts/analysis3-26.09.d/bin:/g/data/vk83/apps/containerised_envs/envs/payu/1.3.6_1/bin:/opt/pbs/default/bin:/opt/nci/bin:/opt/bin:/opt/Modules/v4.3.0/bin:/bin:/usr/bin:/usr/local/sbin:/usr/sbin:/local/pbs/bin:/opt/singularity/bin;' export 'PATH;
PATH_modshare=/g/data/nm03/ae7501/.julia/juliaup/bin:1:/usr/bin:1:/opt/bin:1:/opt/Modules/v4.3.0/bin:1:/opt/singularity/bin:1:/local/pbs/bin:1:/g/data/xp65/public/apps/med_conda_scripts/analysis3-26.09.d/bin:1:/g/data/xp65/public/apps/med_conda/envs/analysis3-25.10/bin:1:/bin:1:/g/data/vk83/apps/containerised_envs/envs/rmom6/1.0.4_0/bin:1:/g/data/xp65/public/apps/nci_scripts:1:/opt/pbs/default/bin:1:/opt/nci/bin:1:/apps/ncview/2.1.7/bin:1:/usr/sbin:1:/g/data/vk83/apps/containerised_envs/envs/payu/1.3.6_1/bin:1:/usr/local/sbin:1;' export 'PATH_modshare;
test' '0;'
++ CONDA_PREFIX=/containerised_envs/rmom6/1.0.4_0
++ export CONDA_PREFIX
++ LOADEDMODULES=payu/1.3.6_1:singularity:conda/analysis3-26.09:ncview/2.1.7:rmom6/1.0.4_0
++ export LOADEDMODULES
++ _LMFILES_=/g/data/vk83/modules/payu/1.3.6_1:/opt/Modules/modulefiles/singularity:/g/data/xp65/public/modules/conda/analysis3-26.09:/apps/Modules/modulefiles/ncview/2.1.7:/g/data/vk83/modules/rmom6/1.0.4_0
++ export _LMFILES_
++ MODULES_LMCONFLICT='payu/1.3.6_1&payu:singularity&apptainer:ncview/2.1.7&ncview&o/show-debug&o/yes-show-debug&o/use-show-debug&o/enable-show-debug&o/with-show-debug&o/no-show-debug&o/not-show-debug&o/disable-show-debug&o/without-show-debug&o/append-paths&o/yes-append-paths&o/use-append-paths&o/enable-append-paths&o/with-append-paths&o/no-append-paths&o/not-append-paths&o/disable-append-paths&o/without-append-paths&o/packaged-envvars&o/yes-packaged-envvars&o/use-packaged-envvars&o/enable-packaged-envvars&o/with-packaged-envvars&o/no-packaged-envvars&o/not-packaged-envvars&o/disable-packaged-envvars&o/without-packaged-envvars:rmom6/1.0.4_0&rmom6'
++ export MODULES_LMCONFLICT
++ MODULES_LMALTNAME='payu/1.3.6_1&payu/default&payu&payu/1.3.6:conda/analysis3-26.09&conda/analysis3-unstable&conda/analysis3-latest:rmom6/1.0.4_0&rmom6/default&rmom6&rmom6/1.0.4'
++ export MODULES_LMALTNAME
++ MODULES_LMCONFLICT_modshare='ncview/2.1.7&ncview&o/show-debug&o/yes-show-debug&o/use-show-debug&o/enable-show-debug&o/with-show-debug&o/no-show-debug&o/not-show-debug&o/disable-show-debug&o/without-show-debug&o/append-paths&o/yes-append-paths&o/use-append-paths&o/enable-append-paths&o/with-append-paths&o/no-append-paths&o/not-append-paths&o/disable-append-paths&o/without-append-paths&o/packaged-envvars&o/yes-packaged-envvars&o/use-packaged-envvars&o/enable-packaged-envvars&o/with-packaged-envvars&o/no-packaged-envvars&o/not-packaged-envvars&o/disable-packaged-envvars&o/without-packaged-envvars:1:payu/1.3.6_1&payu:1:singularity&apptainer:1:rmom6/1.0.4_0&rmom6:1'
++ export MODULES_LMCONFLICT_modshare
++ MODULES_LMALTNAME_modshare='payu/1.3.6_1&payu/default&payu&payu/1.3.6:1:rmom6/1.0.4_0&rmom6/default&rmom6&rmom6/1.0.4:1:conda/analysis3-26.09&conda/analysis3-unstable&conda/analysis3-latest:1'
++ export MODULES_LMALTNAME_modshare
++ CONDA_PROMPT_MODIFIER='(rmom6/1.0.4_0)'
++ export CONDA_PROMPT_MODIFIER
++ LOADEDMODULES_modshare=rmom6/1.0.4_0:1:payu/1.3.6_1:1:ncview/2.1.7:1:singularity:1:conda/analysis3-26.09:1
++ export LOADEDMODULES_modshare
++ _LMFILES__modshare=/opt/Modules/modulefiles/singularity:1:/g/data/vk83/modules/rmom6/1.0.4_0:1:/g/data/vk83/modules/payu/1.3.6_1:1:/g/data/xp65/public/modules/conda/analysis3-26.09:1:/apps/Modules/modulefiles/ncview/2.1.7:1
++ export _LMFILES__modshare
++ PATH=/g/data/vk83/apps/containerised_envs/envs/rmom6/1.0.4_0/bin:/g/data/xp65/public/apps/med_conda/envs/analysis3-25.10/bin:/g/data/nm03/ae7501/.julia/juliaup/bin:/apps/ncview/2.1.7/bin:/g/data/xp65/public/apps/nci_scripts:/g/data/xp65/public/apps/med_conda_scripts/analysis3-26.09.d/bin:/g/data/vk83/apps/containerised_envs/envs/payu/1.3.6_1/bin:/opt/pbs/default/bin:/opt/nci/bin:/opt/bin:/opt/Modules/v4.3.0/bin:/bin:/usr/bin:/usr/local/sbin:/usr/sbin:/local/pbs/bin:/opt/singularity/bin
++ export PATH
++ PATH_modshare=/g/data/nm03/ae7501/.julia/juliaup/bin:1:/usr/bin:1:/opt/bin:1:/opt/Modules/v4.3.0/bin:1:/opt/singularity/bin:1:/local/pbs/bin:1:/g/data/xp65/public/apps/med_conda_scripts/analysis3-26.09.d/bin:1:/g/data/xp65/public/apps/med_conda/envs/analysis3-25.10/bin:1:/bin:1:/g/data/vk83/apps/containerised_envs/envs/rmom6/1.0.4_0/bin:1:/g/data/xp65/public/apps/nci_scripts:1:/opt/pbs/default/bin:1:/opt/nci/bin:1:/apps/ncview/2.1.7/bin:1:/usr/sbin:1:/g/data/vk83/apps/containerised_envs/envs/payu/1.3.6_1/bin:1:/usr/local/sbin:1
++ export PATH_modshare
++ test 0
+ _mlstatus=0
+ '[' -n x ']'
+ IFS=' 	
'
+ unset _mlre _mlv _mlrv _mlIFS
+ '[' -n '' ']'
+ unset _mlshdbg
+ return 0
++ hostname
++ date
+ echo 'Job 179895207[80].gadi-pbs, array index 80 starting on gadi-cpu-bdw-0116.gadi.nci.org.au at Sat Sep 26 08:43:57 AEST 2026'
Job 179895207[80].gadi-pbs, array index 80 starting on gadi-cpu-bdw-0116.gadi.nci.org.au at Sat Sep 26 08:43:57 AEST 2026
++ which python3
++ alias
++ eval declare -f
+++ declare -f
++ /usr/bin/which --tty-only --read-alias --read-functions --show-tilde --show-dot python3
+ echo 'Using python: /g/data/vk83/apps/containerised_envs/envs/rmom6/1.0.4_0/bin/python3'
Using python: /g/data/vk83/apps/containerised_envs/envs/rmom6/1.0.4_0/bin/python3
+ python3 -u 02_process_one_day.py --day-index 80
Using regional_mom6 from: /containerised_envs/rmom6/1.0.4_0/lib/python3.14/site-packages/regional_mom6/__init__.py
=== Day 80: 20180322 (pid 2168613) ===
Warning: Minimum depth of 5m is less than the depth of the third interface (11.26761641119201m)!
This means that some areas may only have one or two layers between the surface and sea floor. 
For increased stability, consider increasing the minimum depth, or adjusting the vertical coordinate to add more layers near the surface.
Applying Arakawa A grid variable mapping, which is velocities and tracers on the same grid
[1790376266.128676] [gadi-cpu-bdw-0116:2168613:0]        cuda_ctx.c:52   UCX  ERROR cuDeviceGetCount(&num_devices) failed: initialization error
Setting up Initial Conditions
Regridding Velocities... Done.
Regridding Tracers... Done.
Regridding Free surface... Done.
Saving outputs... Applying Arakawa A grid variable mapping, which is velocities and tracers on the same grid
Day 20180322 done in 549.6s -> ic_tracers_20180322.nc, ic_uv_20180322.nc
++ date
+ echo 'Array task 80 finished at Sat Sep 26 08:53:19 AEST 2026'
Array task 80 finished at Sat Sep 26 08:53:19 AEST 2026
